23:13:40 **** Incremental Build of configuration Debug for project CMSISv2p00_LPC17xx ****
make -r all 
Building file: ../src/core_cm3.c
Invoking: MCU C Compiler
arm-none-eabi-gcc -D__REDLIB__ -DDEBUG -D__CODE_RED -I"C:\Users\Icomp2015\Desktop\ED3\workspace_LPCXpresso\CMSISv2p00_LPC17xx\Drivers\inc" -I"../inc" -O0 -Os -g3 -Wall -c -fmessage-length=0 -fno-builtin -ffunction-sections -fdata-sections -mcpu=cortex-m3 -mthumb -D__REDLIB__ -specs=redlib.specs -MMD -MP -MF"src/core_cm3.d" -MT"src/core_cm3.o" -MT"src/core_cm3.d" -o "src/core_cm3.o" "../src/core_cm3.c"
Finished building: ../src/core_cm3.c
 
Building file: ../src/system_LPC17xx.c
Invoking: MCU C Compiler
arm-none-eabi-gcc -D__REDLIB__ -DDEBUG -D__CODE_RED -I"C:\Users\Icomp2015\Desktop\ED3\workspace_LPCXpresso\CMSISv2p00_LPC17xx\Drivers\inc" -I"../inc" -O0 -Os -g3 -Wall -c -fmessage-length=0 -fno-builtin -ffunction-sections -fdata-sections -mcpu=cortex-m3 -mthumb -D__REDLIB__ -specs=redlib.specs -MMD -MP -MF"src/system_LPC17xx.d" -MT"src/system_LPC17xx.o" -MT"src/system_LPC17xx.d" -o "src/system_LPC17xx.o" "../src/system_LPC17xx.c"
Finished building: ../src/system_LPC17xx.c
 
Building file: ../Drivers/src/debug_frmwrk.c
Invoking: MCU C Compiler
arm-none-eabi-gcc -D__REDLIB__ -DDEBUG -D__CODE_RED -I"C:\Users\Icomp2015\Desktop\ED3\workspace_LPCXpresso\CMSISv2p00_LPC17xx\Drivers\inc" -I"../inc" -O0 -Os -g3 -Wall -c -fmessage-length=0 -fno-builtin -ffunction-sections -fdata-sections -mcpu=cortex-m3 -mthumb -D__REDLIB__ -specs=redlib.specs -MMD -MP -MF"Drivers/src/debug_frmwrk.d" -MT"Drivers/src/debug_frmwrk.o" -MT"Drivers/src/debug_frmwrk.d" -o "Drivers/src/debug_frmwrk.o" "../Drivers/src/debug_frmwrk.c"
In file included from ../Drivers/src/debug_frmwrk.c:30:0:
C:\Users\Icomp2015\Desktop\ED3\workspace_LPCXpresso\CMSISv2p00_LPC17xx\Drivers\inc/lpc17xx_libcfg_default.h:42:0: warning: "DEBUG" redefined
 #define DEBUG
 ^
<command-line>:0:0: note: this is the location of the previous definition
Finished building: ../Drivers/src/debug_frmwrk.c
 
Building file: ../Drivers/src/lpc17xx_adc.c
Invoking: MCU C Compiler
arm-none-eabi-gcc -D__REDLIB__ -DDEBUG -D__CODE_RED -I"C:\Users\Icomp2015\Desktop\ED3\workspace_LPCXpresso\CMSISv2p00_LPC17xx\Drivers\inc" -I"../inc" -O0 -Os -g3 -Wall -c -fmessage-length=0 -fno-builtin -ffunction-sections -fdata-sections -mcpu=cortex-m3 -mthumb -D__REDLIB__ -specs=redlib.specs -MMD -MP -MF"Drivers/src/lpc17xx_adc.d" -MT"Drivers/src/lpc17xx_adc.o" -MT"Drivers/src/lpc17xx_adc.d" -o "Drivers/src/lpc17xx_adc.o" "../Drivers/src/lpc17xx_adc.c"
In file included from ../Drivers/src/lpc17xx_adc.c:36:0:
C:\Users\Icomp2015\Desktop\ED3\workspace_LPCXpresso\CMSISv2p00_LPC17xx\Drivers\inc/lpc17xx_libcfg_default.h:42:0: warning: "DEBUG" redefined
 #define DEBUG
 ^
<command-line>:0:0: note: this is the location of the previous definition
Finished building: ../Drivers/src/lpc17xx_adc.c
 
Building file: ../Drivers/src/lpc17xx_can.c
Invoking: MCU C Compiler
arm-none-eabi-gcc -D__REDLIB__ -DDEBUG -D__CODE_RED -I"C:\Users\Icomp2015\Desktop\ED3\workspace_LPCXpresso\CMSISv2p00_LPC17xx\Drivers\inc" -I"../inc" -O0 -Os -g3 -Wall -c -fmessage-length=0 -fno-builtin -ffunction-sections -fdata-sections -mcpu=cortex-m3 -mthumb -D__REDLIB__ -specs=redlib.specs -MMD -MP -MF"Drivers/src/lpc17xx_can.d" -MT"Drivers/src/lpc17xx_can.o" -MT"Drivers/src/lpc17xx_can.d" -o "Drivers/src/lpc17xx_can.o" "../Drivers/src/lpc17xx_can.c"
In file included from ../Drivers/src/lpc17xx_can.c:36:0:
C:\Users\Icomp2015\Desktop\ED3\workspace_LPCXpresso\CMSISv2p00_LPC17xx\Drivers\inc/lpc17xx_libcfg_default.h:42:0: warning: "DEBUG" redefined
 #define DEBUG
 ^
<command-line>:0:0: note: this is the location of the previous definition
../Drivers/src/lpc17xx_can.c: In function 'CAN_Init':
../Drivers/src/lpc17xx_can.c:164:23: warning: unused variable 'temp' [-Wunused-variable]
     volatile uint32_t temp = CANx->ICR;
                       ^
Finished building: ../Drivers/src/lpc17xx_can.c
 
Building file: ../Drivers/src/lpc17xx_clkpwr.c
Invoking: MCU C Compiler
arm-none-eabi-gcc -D__REDLIB__ -DDEBUG -D__CODE_RED -I"C:\Users\Icomp2015\Desktop\ED3\workspace_LPCXpresso\CMSISv2p00_LPC17xx\Drivers\inc" -I"../inc" -O0 -Os -g3 -Wall -c -fmessage-length=0 -fno-builtin -ffunction-sections -fdata-sections -mcpu=cortex-m3 -mthumb -D__REDLIB__ -specs=redlib.specs -MMD -MP -MF"Drivers/src/lpc17xx_clkpwr.d" -MT"Drivers/src/lpc17xx_clkpwr.o" -MT"Drivers/src/lpc17xx_clkpwr.d" -o "Drivers/src/lpc17xx_clkpwr.o" "../Drivers/src/lpc17xx_clkpwr.c"
Finished building: ../Drivers/src/lpc17xx_clkpwr.c
 
Building file: ../Drivers/src/lpc17xx_dac.c
Invoking: MCU C Compiler
arm-none-eabi-gcc -D__REDLIB__ -DDEBUG -D__CODE_RED -I"C:\Users\Icomp2015\Desktop\ED3\workspace_LPCXpresso\CMSISv2p00_LPC17xx\Drivers\inc" -I"../inc" -O0 -Os -g3 -Wall -c -fmessage-length=0 -fno-builtin -ffunction-sections -fdata-sections -mcpu=cortex-m3 -mthumb -D__REDLIB__ -specs=redlib.specs -MMD -MP -MF"Drivers/src/lpc17xx_dac.d" -MT"Drivers/src/lpc17xx_dac.o" -MT"Drivers/src/lpc17xx_dac.d" -o "Drivers/src/lpc17xx_dac.o" "../Drivers/src/lpc17xx_dac.c"
In file included from ../Drivers/src/lpc17xx_dac.c:36:0:
C:\Users\Icomp2015\Desktop\ED3\workspace_LPCXpresso\CMSISv2p00_LPC17xx\Drivers\inc/lpc17xx_libcfg_default.h:42:0: warning: "DEBUG" redefined
 #define DEBUG
 ^
<command-line>:0:0: note: this is the location of the previous definition
Finished building: ../Drivers/src/lpc17xx_dac.c
 
Building file: ../Drivers/src/lpc17xx_emac.c
Invoking: MCU C Compiler
arm-none-eabi-gcc -D__REDLIB__ -DDEBUG -D__CODE_RED -I"C:\Users\Icomp2015\Desktop\ED3\workspace_LPCXpresso\CMSISv2p00_LPC17xx\Drivers\inc" -I"../inc" -O0 -Os -g3 -Wall -c -fmessage-length=0 -fno-builtin -ffunction-sections -fdata-sections -mcpu=cortex-m3 -mthumb -D__REDLIB__ -specs=redlib.specs -MMD -MP -MF"Drivers/src/lpc17xx_emac.d" -MT"Drivers/src/lpc17xx_emac.o" -MT"Drivers/src/lpc17xx_emac.d" -o "Drivers/src/lpc17xx_emac.o" "../Drivers/src/lpc17xx_emac.c"
In file included from ../Drivers/src/lpc17xx_emac.c:36:0:
C:\Users\Icomp2015\Desktop\ED3\workspace_LPCXpresso\CMSISv2p00_LPC17xx\Drivers\inc/lpc17xx_libcfg_default.h:42:0: warning: "DEBUG" redefined
 #define DEBUG
 ^
<command-line>:0:0: note: this is the location of the previous definition
Finished building: ../Drivers/src/lpc17xx_emac.c
 
Building file: ../Drivers/src/lpc17xx_exti.c
Invoking: MCU C Compiler
arm-none-eabi-gcc -D__REDLIB__ -DDEBUG -D__CODE_RED -I"C:\Users\Icomp2015\Desktop\ED3\workspace_LPCXpresso\CMSISv2p00_LPC17xx\Drivers\inc" -I"../inc" -O0 -Os -g3 -Wall -c -fmessage-length=0 -fno-builtin -ffunction-sections -fdata-sections -mcpu=cortex-m3 -mthumb -D__REDLIB__ -specs=redlib.specs -MMD -MP -MF"Drivers/src/lpc17xx_exti.d" -MT"Drivers/src/lpc17xx_exti.o" -MT"Drivers/src/lpc17xx_exti.d" -o "Drivers/src/lpc17xx_exti.o" "../Drivers/src/lpc17xx_exti.c"
In file included from ../Drivers/src/lpc17xx_exti.c:35:0:
C:\Users\Icomp2015\Desktop\ED3\workspace_LPCXpresso\CMSISv2p00_LPC17xx\Drivers\inc/lpc17xx_libcfg_default.h:42:0: warning: "DEBUG" redefined
 #define DEBUG
 ^
<command-line>:0:0: note: this is the location of the previous definition
Finished building: ../Drivers/src/lpc17xx_exti.c
 
Building file: ../Drivers/src/lpc17xx_gpdma.c
Invoking: MCU C Compiler
arm-none-eabi-gcc -D__REDLIB__ -DDEBUG -D__CODE_RED -I"C:\Users\Icomp2015\Desktop\ED3\workspace_LPCXpresso\CMSISv2p00_LPC17xx\Drivers\inc" -I"../inc" -O0 -Os -g3 -Wall -c -fmessage-length=0 -fno-builtin -ffunction-sections -fdata-sections -mcpu=cortex-m3 -mthumb -D__REDLIB__ -specs=redlib.specs -MMD -MP -MF"Drivers/src/lpc17xx_gpdma.d" -MT"Drivers/src/lpc17xx_gpdma.o" -MT"Drivers/src/lpc17xx_gpdma.d" -o "Drivers/src/lpc17xx_gpdma.o" "../Drivers/src/lpc17xx_gpdma.c"
In file included from ../Drivers/src/lpc17xx_gpdma.c:43:0:
C:\Users\Icomp2015\Desktop\ED3\workspace_LPCXpresso\CMSISv2p00_LPC17xx\Drivers\inc/lpc17xx_libcfg_default.h:42:0: warning: "DEBUG" redefined
 #define DEBUG
 ^
<command-line>:0:0: note: this is the location of the previous definition
Finished building: ../Drivers/src/lpc17xx_gpdma.c
 
Building file: ../Drivers/src/lpc17xx_gpio.c
Invoking: MCU C Compiler
arm-none-eabi-gcc -D__REDLIB__ -DDEBUG -D__CODE_RED -I"C:\Users\Icomp2015\Desktop\ED3\workspace_LPCXpresso\CMSISv2p00_LPC17xx\Drivers\inc" -I"../inc" -O0 -Os -g3 -Wall -c -fmessage-length=0 -fno-builtin -ffunction-sections -fdata-sections -mcpu=cortex-m3 -mthumb -D__REDLIB__ -specs=redlib.specs -MMD -MP -MF"Drivers/src/lpc17xx_gpio.d" -MT"Drivers/src/lpc17xx_gpio.o" -MT"Drivers/src/lpc17xx_gpio.d" -o "Drivers/src/lpc17xx_gpio.o" "../Drivers/src/lpc17xx_gpio.c"
In file included from ../Drivers/src/lpc17xx_gpio.c:35:0:
C:\Users\Icomp2015\Desktop\ED3\workspace_LPCXpresso\CMSISv2p00_LPC17xx\Drivers\inc/lpc17xx_libcfg_default.h:42:0: warning: "DEBUG" redefined
 #define DEBUG
 ^
<command-line>:0:0: note: this is the location of the previous definition
Finished building: ../Drivers/src/lpc17xx_gpio.c
 
Building file: ../Drivers/src/lpc17xx_i2c.c
Invoking: MCU C Compiler
arm-none-eabi-gcc -D__REDLIB__ -DDEBUG -D__CODE_RED -I"C:\Users\Icomp2015\Desktop\ED3\workspace_LPCXpresso\CMSISv2p00_LPC17xx\Drivers\inc" -I"../inc" -O0 -Os -g3 -Wall -c -fmessage-length=0 -fno-builtin -ffunction-sections -fdata-sections -mcpu=cortex-m3 -mthumb -D__REDLIB__ -specs=redlib.specs -MMD -MP -MF"Drivers/src/lpc17xx_i2c.d" -MT"Drivers/src/lpc17xx_i2c.o" -MT"Drivers/src/lpc17xx_i2c.d" -o "Drivers/src/lpc17xx_i2c.o" "../Drivers/src/lpc17xx_i2c.c"
In file included from ../Drivers/src/lpc17xx_i2c.c:38:0:
C:\Users\Icomp2015\Desktop\ED3\workspace_LPCXpresso\CMSISv2p00_LPC17xx\Drivers\inc/lpc17xx_libcfg_default.h:42:0: warning: "DEBUG" redefined
 #define DEBUG
 ^
<command-line>:0:0: note: this is the location of the previous definition
Finished building: ../Drivers/src/lpc17xx_i2c.c
 
Building file: ../Drivers/src/lpc17xx_i2s.c
Invoking: MCU C Compiler
arm-none-eabi-gcc -D__REDLIB__ -DDEBUG -D__CODE_RED -I"C:\Users\Icomp2015\Desktop\ED3\workspace_LPCXpresso\CMSISv2p00_LPC17xx\Drivers\inc" -I"../inc" -O0 -Os -g3 -Wall -c -fmessage-length=0 -fno-builtin -ffunction-sections -fdata-sections -mcpu=cortex-m3 -mthumb -D__REDLIB__ -specs=redlib.specs -MMD -MP -MF"Drivers/src/lpc17xx_i2s.d" -MT"Drivers/src/lpc17xx_i2s.o" -MT"Drivers/src/lpc17xx_i2s.d" -o "Drivers/src/lpc17xx_i2s.o" "../Drivers/src/lpc17xx_i2s.c"
In file included from ../Drivers/src/lpc17xx_i2s.c:37:0:
C:\Users\Icomp2015\Desktop\ED3\workspace_LPCXpresso\CMSISv2p00_LPC17xx\Drivers\inc/lpc17xx_libcfg_default.h:42:0: warning: "DEBUG" redefined
 #define DEBUG
 ^
<command-line>:0:0: note: this is the location of the previous definition
Finished building: ../Drivers/src/lpc17xx_i2s.c
 
Building file: ../Drivers/src/lpc17xx_libcfg_default.c
Invoking: MCU C Compiler
arm-none-eabi-gcc -D__REDLIB__ -DDEBUG -D__CODE_RED -I"C:\Users\Icomp2015\Desktop\ED3\workspace_LPCXpresso\CMSISv2p00_LPC17xx\Drivers\inc" -I"../inc" -O0 -Os -g3 -Wall -c -fmessage-length=0 -fno-builtin -ffunction-sections -fdata-sections -mcpu=cortex-m3 -mthumb -D__REDLIB__ -specs=redlib.specs -MMD -MP -MF"Drivers/src/lpc17xx_libcfg_default.d" -MT"Drivers/src/lpc17xx_libcfg_default.o" -MT"Drivers/src/lpc17xx_libcfg_default.d" -o "Drivers/src/lpc17xx_libcfg_default.o" "../Drivers/src/lpc17xx_libcfg_default.c"
In file included from ../Drivers/src/lpc17xx_libcfg_default.c:27:0:
C:\Users\Icomp2015\Desktop\ED3\workspace_LPCXpresso\CMSISv2p00_LPC17xx\Drivers\inc/lpc17xx_libcfg_default.h:42:0: warning: "DEBUG" redefined
 #define DEBUG
 ^
<command-line>:0:0: note: this is the location of the previous definition
Finished building: ../Drivers/src/lpc17xx_libcfg_default.c
 
Building file: ../Drivers/src/lpc17xx_mcpwm.c
Invoking: MCU C Compiler
arm-none-eabi-gcc -D__REDLIB__ -DDEBUG -D__CODE_RED -I"C:\Users\Icomp2015\Desktop\ED3\workspace_LPCXpresso\CMSISv2p00_LPC17xx\Drivers\inc" -I"../inc" -O0 -Os -g3 -Wall -c -fmessage-length=0 -fno-builtin -ffunction-sections -fdata-sections -mcpu=cortex-m3 -mthumb -D__REDLIB__ -specs=redlib.specs -MMD -MP -MF"Drivers/src/lpc17xx_mcpwm.d" -MT"Drivers/src/lpc17xx_mcpwm.o" -MT"Drivers/src/lpc17xx_mcpwm.d" -o "Drivers/src/lpc17xx_mcpwm.o" "../Drivers/src/lpc17xx_mcpwm.c"
In file included from ../Drivers/src/lpc17xx_mcpwm.c:37:0:
C:\Users\Icomp2015\Desktop\ED3\workspace_LPCXpresso\CMSISv2p00_LPC17xx\Drivers\inc/lpc17xx_libcfg_default.h:42:0: warning: "DEBUG" redefined
 #define DEBUG
 ^
<command-line>:0:0: note: this is the location of the previous definition
Finished building: ../Drivers/src/lpc17xx_mcpwm.c
 
Building file: ../Drivers/src/lpc17xx_nvic.c
Invoking: MCU C Compiler
arm-none-eabi-gcc -D__REDLIB__ -DDEBUG -D__CODE_RED -I"C:\Users\Icomp2015\Desktop\ED3\workspace_LPCXpresso\CMSISv2p00_LPC17xx\Drivers\inc" -I"../inc" -O0 -Os -g3 -Wall -c -fmessage-length=0 -fno-builtin -ffunction-sections -fdata-sections -mcpu=cortex-m3 -mthumb -D__REDLIB__ -specs=redlib.specs -MMD -MP -MF"Drivers/src/lpc17xx_nvic.d" -MT"Drivers/src/lpc17xx_nvic.o" -MT"Drivers/src/lpc17xx_nvic.d" -o "Drivers/src/lpc17xx_nvic.o" "../Drivers/src/lpc17xx_nvic.c"
../Drivers/src/lpc17xx_nvic.c: In function 'NVIC_SCBDeInit':
../Drivers/src/lpc17xx_nvic.c:107:17: warning: iteration 12u invokes undefined behavior [-Waggressive-loop-optimizations]
   SCB->SHP[tmp] = 0x00;
                 ^
../Drivers/src/lpc17xx_nvic.c:106:2: note: containing loop
  for (tmp = 0; tmp < 32; tmp++) {
  ^
Finished building: ../Drivers/src/lpc17xx_nvic.c
 
Building file: ../Drivers/src/lpc17xx_pinsel.c
Invoking: MCU C Compiler
arm-none-eabi-gcc -D__REDLIB__ -DDEBUG -D__CODE_RED -I"C:\Users\Icomp2015\Desktop\ED3\workspace_LPCXpresso\CMSISv2p00_LPC17xx\Drivers\inc" -I"../inc" -O0 -Os -g3 -Wall -c -fmessage-length=0 -fno-builtin -ffunction-sections -fdata-sections -mcpu=cortex-m3 -mthumb -D__REDLIB__ -specs=redlib.specs -MMD -MP -MF"Drivers/src/lpc17xx_pinsel.d" -MT"Drivers/src/lpc17xx_pinsel.o" -MT"Drivers/src/lpc17xx_pinsel.d" -o "Drivers/src/lpc17xx_pinsel.o" "../Drivers/src/lpc17xx_pinsel.c"
Finished building: ../Drivers/src/lpc17xx_pinsel.c
 
Building file: ../Drivers/src/lpc17xx_pwm.c
Invoking: MCU C Compiler
arm-none-eabi-gcc -D__REDLIB__ -DDEBUG -D__CODE_RED -I"C:\Users\Icomp2015\Desktop\ED3\workspace_LPCXpresso\CMSISv2p00_LPC17xx\Drivers\inc" -I"../inc" -O0 -Os -g3 -Wall -c -fmessage-length=0 -fno-builtin -ffunction-sections -fdata-sections -mcpu=cortex-m3 -mthumb -D__REDLIB__ -specs=redlib.specs -MMD -MP -MF"Drivers/src/lpc17xx_pwm.d" -MT"Drivers/src/lpc17xx_pwm.o" -MT"Drivers/src/lpc17xx_pwm.d" -o "Drivers/src/lpc17xx_pwm.o" "../Drivers/src/lpc17xx_pwm.c"
In file included from ../Drivers/src/lpc17xx_pwm.c:36:0:
C:\Users\Icomp2015\Desktop\ED3\workspace_LPCXpresso\CMSISv2p00_LPC17xx\Drivers\inc/lpc17xx_libcfg_default.h:42:0: warning: "DEBUG" redefined
 #define DEBUG
 ^
<command-line>:0:0: note: this is the location of the previous definition
Finished building: ../Drivers/src/lpc17xx_pwm.c
 
Building file: ../Drivers/src/lpc17xx_qei.c
Invoking: MCU C Compiler
arm-none-eabi-gcc -D__REDLIB__ -DDEBUG -D__CODE_RED -I"C:\Users\Icomp2015\Desktop\ED3\workspace_LPCXpresso\CMSISv2p00_LPC17xx\Drivers\inc" -I"../inc" -O0 -Os -g3 -Wall -c -fmessage-length=0 -fno-builtin -ffunction-sections -fdata-sections -mcpu=cortex-m3 -mthumb -D__REDLIB__ -specs=redlib.specs -MMD -MP -MF"Drivers/src/lpc17xx_qei.d" -MT"Drivers/src/lpc17xx_qei.o" -MT"Drivers/src/lpc17xx_qei.d" -o "Drivers/src/lpc17xx_qei.o" "../Drivers/src/lpc17xx_qei.c"
In file included from ../Drivers/src/lpc17xx_qei.c:37:0:
C:\Users\Icomp2015\Desktop\ED3\workspace_LPCXpresso\CMSISv2p00_LPC17xx\Drivers\inc/lpc17xx_libcfg_default.h:42:0: warning: "DEBUG" redefined
 #define DEBUG
 ^
<command-line>:0:0: note: this is the location of the previous definition
Finished building: ../Drivers/src/lpc17xx_qei.c
 
Building file: ../Drivers/src/lpc17xx_rit.c
Invoking: MCU C Compiler
arm-none-eabi-gcc -D__REDLIB__ -DDEBUG -D__CODE_RED -I"C:\Users\Icomp2015\Desktop\ED3\workspace_LPCXpresso\CMSISv2p00_LPC17xx\Drivers\inc" -I"../inc" -O0 -Os -g3 -Wall -c -fmessage-length=0 -fno-builtin -ffunction-sections -fdata-sections -mcpu=cortex-m3 -mthumb -D__REDLIB__ -specs=redlib.specs -MMD -MP -MF"Drivers/src/lpc17xx_rit.d" -MT"Drivers/src/lpc17xx_rit.o" -MT"Drivers/src/lpc17xx_rit.d" -o "Drivers/src/lpc17xx_rit.o" "../Drivers/src/lpc17xx_rit.c"
In file included from ../Drivers/src/lpc17xx_rit.c:36:0:
C:\Users\Icomp2015\Desktop\ED3\workspace_LPCXpresso\CMSISv2p00_LPC17xx\Drivers\inc/lpc17xx_libcfg_default.h:42:0: warning: "DEBUG" redefined
 #define DEBUG
 ^
<command-line>:0:0: note: this is the location of the previous definition
Finished building: ../Drivers/src/lpc17xx_rit.c
 
Building file: ../Drivers/src/lpc17xx_rtc.c
Invoking: MCU C Compiler
arm-none-eabi-gcc -D__REDLIB__ -DDEBUG -D__CODE_RED -I"C:\Users\Icomp2015\Desktop\ED3\workspace_LPCXpresso\CMSISv2p00_LPC17xx\Drivers\inc" -I"../inc" -O0 -Os -g3 -Wall -c -fmessage-length=0 -fno-builtin -ffunction-sections -fdata-sections -mcpu=cortex-m3 -mthumb -D__REDLIB__ -specs=redlib.specs -MMD -MP -MF"Drivers/src/lpc17xx_rtc.d" -MT"Drivers/src/lpc17xx_rtc.o" -MT"Drivers/src/lpc17xx_rtc.d" -o "Drivers/src/lpc17xx_rtc.o" "../Drivers/src/lpc17xx_rtc.c"
In file included from ../Drivers/src/lpc17xx_rtc.c:38:0:
C:\Users\Icomp2015\Desktop\ED3\workspace_LPCXpresso\CMSISv2p00_LPC17xx\Drivers\inc/lpc17xx_libcfg_default.h:42:0: warning: "DEBUG" redefined
 #define DEBUG
 ^
<command-line>:0:0: note: this is the location of the previous definition
Finished building: ../Drivers/src/lpc17xx_rtc.c
 
Building file: ../Drivers/src/lpc17xx_spi.c
Invoking: MCU C Compiler
arm-none-eabi-gcc -D__REDLIB__ -DDEBUG -D__CODE_RED -I"C:\Users\Icomp2015\Desktop\ED3\workspace_LPCXpresso\CMSISv2p00_LPC17xx\Drivers\inc" -I"../inc" -O0 -Os -g3 -Wall -c -fmessage-length=0 -fno-builtin -ffunction-sections -fdata-sections -mcpu=cortex-m3 -mthumb -D__REDLIB__ -specs=redlib.specs -MMD -MP -MF"Drivers/src/lpc17xx_spi.d" -MT"Drivers/src/lpc17xx_spi.o" -MT"Drivers/src/lpc17xx_spi.d" -o "Drivers/src/lpc17xx_spi.o" "../Drivers/src/lpc17xx_spi.c"
In file included from ../Drivers/src/lpc17xx_spi.c:36:0:
C:\Users\Icomp2015\Desktop\ED3\workspace_LPCXpresso\CMSISv2p00_LPC17xx\Drivers\inc/lpc17xx_libcfg_default.h:42:0: warning: "DEBUG" redefined
 #define DEBUG
 ^
<command-line>:0:0: note: this is the location of the previous definition
Finished building: ../Drivers/src/lpc17xx_spi.c
 
Building file: ../Drivers/src/lpc17xx_ssp.c
Invoking: MCU C Compiler
arm-none-eabi-gcc -D__REDLIB__ -DDEBUG -D__CODE_RED -I"C:\Users\Icomp2015\Desktop\ED3\workspace_LPCXpresso\CMSISv2p00_LPC17xx\Drivers\inc" -I"../inc" -O0 -Os -g3 -Wall -c -fmessage-length=0 -fno-builtin -ffunction-sections -fdata-sections -mcpu=cortex-m3 -mthumb -D__REDLIB__ -specs=redlib.specs -MMD -MP -MF"Drivers/src/lpc17xx_ssp.d" -MT"Drivers/src/lpc17xx_ssp.o" -MT"Drivers/src/lpc17xx_ssp.d" -o "Drivers/src/lpc17xx_ssp.o" "../Drivers/src/lpc17xx_ssp.c"
In file included from ../Drivers/src/lpc17xx_ssp.c:37:0:
C:\Users\Icomp2015\Desktop\ED3\workspace_LPCXpresso\CMSISv2p00_LPC17xx\Drivers\inc/lpc17xx_libcfg_default.h:42:0: warning: "DEBUG" redefined
 #define DEBUG
 ^
<command-line>:0:0: note: this is the location of the previous definition
Finished building: ../Drivers/src/lpc17xx_ssp.c
 
Building file: ../Drivers/src/lpc17xx_systick.c
Invoking: MCU C Compiler
arm-none-eabi-gcc -D__REDLIB__ -DDEBUG -D__CODE_RED -I"C:\Users\Icomp2015\Desktop\ED3\workspace_LPCXpresso\CMSISv2p00_LPC17xx\Drivers\inc" -I"../inc" -O0 -Os -g3 -Wall -c -fmessage-length=0 -fno-builtin -ffunction-sections -fdata-sections -mcpu=cortex-m3 -mthumb -D__REDLIB__ -specs=redlib.specs -MMD -MP -MF"Drivers/src/lpc17xx_systick.d" -MT"Drivers/src/lpc17xx_systick.o" -MT"Drivers/src/lpc17xx_systick.d" -o "Drivers/src/lpc17xx_systick.o" "../Drivers/src/lpc17xx_systick.c"
In file included from ../Drivers/src/lpc17xx_systick.c:36:0:
C:\Users\Icomp2015\Desktop\ED3\workspace_LPCXpresso\CMSISv2p00_LPC17xx\Drivers\inc/lpc17xx_libcfg_default.h:42:0: warning: "DEBUG" redefined
 #define DEBUG
 ^
<command-line>:0:0: note: this is the location of the previous definition
Finished building: ../Drivers/src/lpc17xx_systick.c
 
Building file: ../Drivers/src/lpc17xx_timer.c
Invoking: MCU C Compiler
arm-none-eabi-gcc -D__REDLIB__ -DDEBUG -D__CODE_RED -I"C:\Users\Icomp2015\Desktop\ED3\workspace_LPCXpresso\CMSISv2p00_LPC17xx\Drivers\inc" -I"../inc" -O0 -Os -g3 -Wall -c -fmessage-length=0 -fno-builtin -ffunction-sections -fdata-sections -mcpu=cortex-m3 -mthumb -D__REDLIB__ -specs=redlib.specs -MMD -MP -MF"Drivers/src/lpc17xx_timer.d" -MT"Drivers/src/lpc17xx_timer.o" -MT"Drivers/src/lpc17xx_timer.d" -o "Drivers/src/lpc17xx_timer.o" "../Drivers/src/lpc17xx_timer.c"
In file included from ../Drivers/src/lpc17xx_timer.c:37:0:
C:\Users\Icomp2015\Desktop\ED3\workspace_LPCXpresso\CMSISv2p00_LPC17xx\Drivers\inc/lpc17xx_libcfg_default.h:42:0: warning: "DEBUG" redefined
 #define DEBUG
 ^
<command-line>:0:0: note: this is the location of the previous definition
Finished building: ../Drivers/src/lpc17xx_timer.c
 
Building file: ../Drivers/src/lpc17xx_uart.c
Invoking: MCU C Compiler
arm-none-eabi-gcc -D__REDLIB__ -DDEBUG -D__CODE_RED -I"C:\Users\Icomp2015\Desktop\ED3\workspace_LPCXpresso\CMSISv2p00_LPC17xx\Drivers\inc" -I"../inc" -O0 -Os -g3 -Wall -c -fmessage-length=0 -fno-builtin -ffunction-sections -fdata-sections -mcpu=cortex-m3 -mthumb -D__REDLIB__ -specs=redlib.specs -MMD -MP -MF"Drivers/src/lpc17xx_uart.d" -MT"Drivers/src/lpc17xx_uart.o" -MT"Drivers/src/lpc17xx_uart.d" -o "Drivers/src/lpc17xx_uart.o" "../Drivers/src/lpc17xx_uart.c"
In file included from ../Drivers/src/lpc17xx_uart.c:36:0:
C:\Users\Icomp2015\Desktop\ED3\workspace_LPCXpresso\CMSISv2p00_LPC17xx\Drivers\inc/lpc17xx_libcfg_default.h:42:0: warning: "DEBUG" redefined
 #define DEBUG
 ^
<command-line>:0:0: note: this is the location of the previous definition
Finished building: ../Drivers/src/lpc17xx_uart.c
 
Building file: ../Drivers/src/lpc17xx_wdt.c
Invoking: MCU C Compiler
arm-none-eabi-gcc -D__REDLIB__ -DDEBUG -D__CODE_RED -I"C:\Users\Icomp2015\Desktop\ED3\workspace_LPCXpresso\CMSISv2p00_LPC17xx\Drivers\inc" -I"../inc" -O0 -Os -g3 -Wall -c -fmessage-length=0 -fno-builtin -ffunction-sections -fdata-sections -mcpu=cortex-m3 -mthumb -D__REDLIB__ -specs=redlib.specs -MMD -MP -MF"Drivers/src/lpc17xx_wdt.d" -MT"Drivers/src/lpc17xx_wdt.o" -MT"Drivers/src/lpc17xx_wdt.d" -o "Drivers/src/lpc17xx_wdt.o" "../Drivers/src/lpc17xx_wdt.c"
In file included from ../Drivers/src/lpc17xx_wdt.c:38:0:
C:\Users\Icomp2015\Desktop\ED3\workspace_LPCXpresso\CMSISv2p00_LPC17xx\Drivers\inc/lpc17xx_libcfg_default.h:42:0: warning: "DEBUG" redefined
 #define DEBUG
 ^
<command-line>:0:0: note: this is the location of the previous definition
Finished building: ../Drivers/src/lpc17xx_wdt.c
 
Building target: libCMSISv2p00_LPC17xx.a
Invoking: MCU Archiver
arm-none-eabi-ar -r  "libCMSISv2p00_LPC17xx.a"  ./src/core_cm3.o ./src/system_LPC17xx.o  ./Drivers/src/debug_frmwrk.o ./Drivers/src/lpc17xx_adc.o ./Drivers/src/lpc17xx_can.o ./Drivers/src/lpc17xx_clkpwr.o ./Drivers/src/lpc17xx_dac.o ./Drivers/src/lpc17xx_emac.o ./Drivers/src/lpc17xx_exti.o ./Drivers/src/lpc17xx_gpdma.o ./Drivers/src/lpc17xx_gpio.o ./Drivers/src/lpc17xx_i2c.o ./Drivers/src/lpc17xx_i2s.o ./Drivers/src/lpc17xx_libcfg_default.o ./Drivers/src/lpc17xx_mcpwm.o ./Drivers/src/lpc17xx_nvic.o ./Drivers/src/lpc17xx_pinsel.o ./Drivers/src/lpc17xx_pwm.o ./Drivers/src/lpc17xx_qei.o ./Drivers/src/lpc17xx_rit.o ./Drivers/src/lpc17xx_rtc.o ./Drivers/src/lpc17xx_spi.o ./Drivers/src/lpc17xx_ssp.o ./Drivers/src/lpc17xx_systick.o ./Drivers/src/lpc17xx_timer.o ./Drivers/src/lpc17xx_uart.o ./Drivers/src/lpc17xx_wdt.o   
Finished building target: libCMSISv2p00_LPC17xx.a
 
make --no-print-directory post-build
Performing post-build steps
arm-none-eabi-size libCMSISv2p00_LPC17xx.a ; # arm-none-eabi-objdump -h -S libCMSISv2p00_LPC17xx.a >libCMSISv2p00_LPC17xx.lss
   text	   data	    bss	    dec	    hex	filename
      0	      0	      0	      0	      0	core_cm3.o (ex libCMSISv2p00_LPC17xx.a)
    408	      4	      0	    412	    19c	system_LPC17xx.o (ex libCMSISv2p00_LPC17xx.a)
    936	      0	      0	    936	    3a8	debug_frmwrk.o (ex libCMSISv2p00_LPC17xx.a)
    733	      0	      0	    733	    2dd	lpc17xx_adc.o (ex libCMSISv2p00_LPC17xx.a)
   5905	      0	     10	   5915	   171b	lpc17xx_can.o (ex libCMSISv2p00_LPC17xx.a)
    308	      0	      0	    308	    134	lpc17xx_clkpwr.o (ex libCMSISv2p00_LPC17xx.a)
    265	      0	      0	    265	    109	lpc17xx_dac.o (ex libCMSISv2p00_LPC17xx.a)
   1321	      0	  10852	  12173	   2f8d	lpc17xx_emac.o (ex libCMSISv2p00_LPC17xx.a)
    174	      0	      0	    174	     ae	lpc17xx_exti.o (ex libCMSISv2p00_LPC17xx.a)
    831	     32	      0	    863	    35f	lpc17xx_gpdma.o (ex libCMSISv2p00_LPC17xx.a)
    708	      0	      0	    708	    2c4	lpc17xx_gpio.o (ex libCMSISv2p00_LPC17xx.a)
   2379	      0	     52	   2431	    97f	lpc17xx_i2c.o (ex libCMSISv2p00_LPC17xx.a)
   1695	      0	      0	   1695	    69f	lpc17xx_i2s.o (ex libCMSISv2p00_LPC17xx.a)
      2	      0	      0	      2	      2	lpc17xx_libcfg_default.o (ex libCMSISv2p00_LPC17xx.a)
    702	      0	      0	    702	    2be	lpc17xx_mcpwm.o (ex libCMSISv2p00_LPC17xx.a)
    128	      0	      0	    128	     80	lpc17xx_nvic.o (ex libCMSISv2p00_LPC17xx.a)
    216	      0	      0	    216	     d8	lpc17xx_pinsel.o (ex libCMSISv2p00_LPC17xx.a)
   1653	      0	      0	   1653	    675	lpc17xx_pwm.o (ex libCMSISv2p00_LPC17xx.a)
   1251	      0	      0	   1251	    4e3	lpc17xx_qei.o (ex libCMSISv2p00_LPC17xx.a)
    373	      0	      0	    373	    175	lpc17xx_rit.o (ex libCMSISv2p00_LPC17xx.a)
   2233	      0	      0	   2233	    8b9	lpc17xx_rtc.o (ex libCMSISv2p00_LPC17xx.a)
    839	      0	      0	    839	    347	lpc17xx_spi.o (ex libCMSISv2p00_LPC17xx.a)
   1547	      0	      0	   1547	    60b	lpc17xx_ssp.o (ex libCMSISv2p00_LPC17xx.a)
    301	      0	      0	    301	    12d	lpc17xx_systick.o (ex libCMSISv2p00_LPC17xx.a)
   1571	      0	      0	   1571	    623	lpc17xx_timer.o (ex libCMSISv2p00_LPC17xx.a)
   2968	      0	      0	   2968	    b98	lpc17xx_uart.o (ex libCMSISv2p00_LPC17xx.a)
    361	      0	      0	    361	    169	lpc17xx_wdt.o (ex libCMSISv2p00_LPC17xx.a)
 

23:13:54 Build Finished (took 13s.777ms)

